{
    "FCU": {
        "In": {
            "@cp": "Lloop6Cp",
            "@mfr": "MFCU_A",
            "@rho": "Lloop6Rho",
            "@temp": "TPiFCUIn"
        },
        "Out": {
            "@revtemp": "TPiFCUOut",
            "@temp": "TFCU"
        }
    },
    "Ghx": {
        "In": {
            "@cp": "Lloop5Cp",
            "@mfr": "MGhx_A",
            "@rho": "Lloop5Rho",
            "@temp": "TPiHxCoolBriOut"
        },
        "Out": {
            "@revtemp": "TPiGhxOut",
            "@temp": "TGhx"
        }
    },
    "HP": {
        "Cond1In": {
            "@cp": "Lloop1Cp",
            "@mfr": "MHPCond1_A",
            "@rho": "Lloop1Rho",
            "@temp": "TPiHpCondIn"
        },
        "Cond1Out": {
            "@revtemp": "TPiHpCondOut",
            "@temp": "THPCond1"
        },
        "Cond2In": {
            "@cp": "Lloop1Cp",
            "@mfr": "MHPCond2_A",
            "@rho": "Lloop1Rho",
            "@temp": "TPiHpDesIn"
        },
        "Cond2Out": {
            "@revtemp": "TPiHpDesOut",
            "@temp": "THPCond2"
        },
        "EvapIn": {
            "@cp": "Lloop5Cp",
            "@mfr": "MHPEvap_A",
            "@rho": "Lloop5Rho",
            "@temp": "TPiGhxToHP"
        },
        "EvapOut": {
            "@revtemp": "TPiHPEvapOut",
            "@temp": "THPEvap"
        }
    },
    "HxCool": {
        "Side1In": {
            "@cp": "Lloop5Cp",
            "@mfr": "MHxCoolSide1_A",
            "@rho": "Lloop5Rho",
            "@temp": "TPiHpToHxCool"
        },
        "Side1Out": {
            "@revtemp": "TPiHxCoolBriOut",
            "@temp": "THxCoolSide1"
        },
        "Side2In": {
            "@cp": "Lloop4Cp",
            "@mfr": "MHxCoolSide2_A",
            "@rho": "Lloop4Rho",
            "@temp": "TPiHxCoolWatIn"
        },
        "Side2Out": {
            "@revtemp": "TConn1455",
            "@temp": "THxCoolSide2"
        }
    },
    "HxDHW": {
        "Side1In": {
            "@cp": "Lloop2Cp",
            "@mfr": "MHxDHWSide1_A",
            "@rho": "Lloop2Rho",
            "@temp": "TPiDhwToHxDhw"
        },
        "Side1Out": {
            "@revtemp": "TPiHxDhwOut",
            "@temp": "THxDHWSide1"
        },
        "Side2In": {
            "@cp": "Lloop3Cp",
            "@mfr": "MHxDHWSide2_A",
            "@rho": "Lloop3Rho",
            "@temp": "TPiSupplyToHxDhw"
        },
        "Side2Out": {
            "@revtemp": "TPiDhwSecOut",
            "@temp": "THxDHWSide2"
        }
    },
    "RadiatorSH": {
        "In": {
            "@cp": "Lloop4Cp",
            "@mfr": "MRadiatorSH_A",
            "@rho": "Lloop4Rho",
            "@temp": "TPiRadIn"
        },
        "Out": {
            "@revtemp": "TPiRadOut",
            "@temp": "TRadiatorSH"
        }
    },
    "tapWater": {
        "In": {
            "@cp": "Lloop3Cp",
            "@mfr": "MtapWater_A",
            "@rho": "Lloop3Rho",
            "@temp": "TPiToDhwDem"
        }
    }
}