{
    "Floor1": {
        "In": {
            "@cp": "Lloop1Cp",
            "@mfr": "MFloor1_A",
            "@rho": "Lloop1Rho",
            "@temp": "TPiFlFloor1"
        },
        "Out": {
            "@revtemp": "TPiRtFloor1",
            "@temp": "TFloor1"
        }
    },
    "Floor2": {
        "In": {
            "@cp": "Lloop1Cp",
            "@mfr": "MFloor2_A",
            "@rho": "Lloop1Rho",
            "@temp": "TPiFlFloor2"
        },
        "Out": {
            "@revtemp": "TPiRtFloor2",
            "@temp": "TFloor2"
        }
    },
    "Floor3": {
        "In": {
            "@cp": "Lloop1Cp",
            "@mfr": "MFloor3_A",
            "@rho": "Lloop1Rho",
            "@temp": "TPiFlFloor3"
        },
        "Out": {
            "@revtemp": "TPiRtFloor3",
            "@temp": "TFloor3"
        }
    },
    "Floor4": {
        "In": {
            "@cp": "Lloop1Cp",
            "@mfr": "MFloor4_A",
            "@rho": "Lloop1Rho",
            "@temp": "TPiFlFloor4"
        },
        "Out": {
            "@revtemp": "TPiRtFloor4",
            "@temp": "TFloor4"
        }
    },
    "Floor5": {
        "In": {
            "@cp": "Lloop1Cp",
            "@mfr": "MFloor5_A",
            "@rho": "Lloop1Rho",
            "@temp": "TPiFlFloor5"
        },
        "Out": {
            "@revtemp": "TPiRtFloor5",
            "@temp": "TFloor5"
        }
    },
    "Floor6": {
        "In": {
            "@cp": "Lloop1Cp",
            "@mfr": "MFloor6_A",
            "@rho": "Lloop1Rho",
            "@temp": "TPiFlFloor6"
        },
        "Out": {
            "@revtemp": "TPiFloor6Rt",
            "@temp": "TFloor6"
        }
    },
    "HP": {
        "CondIn": {
            "@cp": "Lloop1Cp",
            "@mfr": "MHPCond_A",
            "@rho": "Lloop1Rho",
            "@temp": "TPiTeeAuxHxRt_HP"
        },
        "CondOut": {
            "@revtemp": "TPiHP_PuAux",
            "@temp": "THPCond"
        },
        "EvapIn": {
            "@cp": "Lloop3Cp",
            "@mfr": "MHPEvap_A",
            "@rho": "Lloop3Rho",
            "@temp": "TPiHpEvapIn"
        },
        "EvapOut": {
            "@revtemp": "TPiHpEvapOut",
            "@temp": "THPEvap"
        }
    },
    "HxDHW": {
        "Side1In": {
            "@cp": "Lloop1Cp",
            "@mfr": "MHxDHWSide1_A",
            "@rho": "Lloop1Rho",
            "@temp": "TPiHxDhwPriFl"
        },
        "Side1Out": {
            "@revtemp": "TPiHxDhwPriRt",
            "@temp": "THxDHWSide1"
        },
        "Side2In": {
            "@cp": "Lloop4Cp",
            "@mfr": "MHxDHWSide2_A",
            "@rho": "Lloop4Rho",
            "@temp": "TPiPuHxDhw2HxDHW"
        },
        "Side2Out": {
            "@revtemp": "TPiHxDHW_Dhw",
            "@temp": "THxDHWSide2"
        }
    },
    "tapWater": {
        "In": {
            "@cp": "Lloop2Cp",
            "@mfr": "MtapWater_A",
            "@rho": "Lloop2Rho",
            "@temp": "TPiDhwCirctoTap"
        }
    }
}