{
    "Dhw": {
        "In": {
            "@mfr": "MPiCircIn_A",
            "@temp": "TPiCircIn"
        },
        "Out": {
            "@temp": "TDhwDpR70_90"
        }
    },
    "FCU": {
        "In": {
            "@mfr": "MPiFCUIn_A",
            "@temp": "TPiFCUIn"
        },
        "Out": {
            "@temp": "TFCU"
        }
    },
    "Ghx": {
        "In": {
            "@mfr": "MPiHxCoolBriOut_A",
            "@temp": "TPiHxCoolBriOut"
        },
        "Out": {
            "@temp": "TGhx"
        }
    },
    "HP": {
        "CondIn1": {
            "@mfr": "MPiHpCondIn_A",
            "@temp": "TPiHpCondIn"
        },
        "CondIn2": {
            "@mfr": "MPiHpDesIn_A",
            "@temp": "TPiHpDesIn"
        },
        "CondOut1": {
            "@temp": "THPCond1"
        },
        "CondOut2": {
            "@temp": "THPCond2"
        },
        "EvapIn": {
            "@mfr": "MPiGhxToHP_A",
            "@temp": "TPiGhxToHP"
        },
        "EvapOut": {
            "@temp": "THPEvap"
        }
    },
    "HxCool": {
        "In1": {
            "@mfr": "MPiHpToHxCool_A",
            "@temp": "TPiHpToHxCool"
        },
        "In2": {
            "@mfr": "MPiHxCoolWatIn_A",
            "@temp": "TPiHxCoolWatIn"
        },
        "Out1": {
            "@temp": "THxCoolSide1"
        },
        "Out2": {
            "@temp": "THxCoolSide2"
        }
    },
    "HxDHW": {
        "In1": {
            "@mfr": "MPiDhwToHxDhw_A",
            "@temp": "TPiDhwToHxDhw"
        },
        "In2": {
            "@mfr": "MPiSupplyToHxDhw_A",
            "@temp": "TPiSupplyToHxDhw"
        },
        "Out1": {
            "@temp": "THxDHWSide1"
        },
        "Out2": {
            "@temp": "THxDHWSide2"
        }
    },
    "RadiatorSH": {
        "In": {
            "@mfr": "MPiRadIn_A",
            "@temp": "TPiRadIn"
        },
        "Out": {
            "@temp": "TRadiatorSH"
        }
    },
    "SH": {
        "In": {
            "@mfr": "MPiTesSCIn_A",
            "@temp": "TPiTesSCIn"
        },
        "Out": {
            "@temp": "TSHDpR90_10"
        }
    }
}