{
    ".__BlockDict__": true,
    "BlockDisplayName": "TesDhw",
    "BlockName": "StorageTank",
    "__version__": "35f8800b-3a22-4080-acc2-13f332a84d50",
    "directPortPairs": [
        {
            "__version__": "67aaee05-7d09-40e1-a6e2-d367c7196832",
            "portPair": {
                "__version__": "ed17e7a7-4798-4a80-beb7-81730523cf35",
                "inputPort": {
                    "id": 1982,
                    "relativeHeight": 0.95
                },
                "outputPort": {
                    "id": 1983,
                    "relativeHeight": 0.35
                },
                "side": "left",
                "trnsysId": -1
            }
        },
        {
            "__version__": "67aaee05-7d09-40e1-a6e2-d367c7196832",
            "portPair": {
                "__version__": "ed17e7a7-4798-4a80-beb7-81730523cf35",
                "inputPort": {
                    "id": 3924,
                    "relativeHeight": 0.7
                },
                "outputPort": {
                    "id": 3925,
                    "relativeHeight": 0.9
                },
                "side": "right",
                "trnsysId": -1
            }
        },
        {
            "__version__": "67aaee05-7d09-40e1-a6e2-d367c7196832",
            "portPair": {
                "__version__": "ed17e7a7-4798-4a80-beb7-81730523cf35",
                "inputPort": {
                    "id": 3941,
                    "relativeHeight": 0.05
                },
                "outputPort": {
                    "id": 3942,
                    "relativeHeight": 0.95
                },
                "side": "right",
                "trnsysId": -1
            }
        }
    ],
    "heatExchangers": [
        {
            "__version__": "2a5d6090-3ef5-4959-bba4-332654f007ac",
            "id": 1976,
            "name": "SolarHx",
            "portPair": {
                "__version__": "ed17e7a7-4798-4a80-beb7-81730523cf35",
                "inputPort": {
                    "id": 1977,
                    "relativeHeight": 0.3
                },
                "outputPort": {
                    "id": 1978,
                    "relativeHeight": 0.12
                },
                "side": "left",
                "trnsysId": -1
            },
            "width": 40
        }
    ],
    "height": 220,
    "isHorizontallyFlipped": false,
    "isVerticallyFlipped": false,
    "position": [
        -681.9155092592591,
        -581.1302806712963
    ],
    "trnsysId": 638
}