{
    "Col": {
        "In": {
            "@cp": "Lloop1Cp",
            "@mfr": "MCol_A",
            "@rho": "Lloop1Rho",
            "@temp": "TTes-Col"
        },
        "Out": {
            "@revtemp": "TPiCol_Pump114",
            "@temp": "TCol"
        }
    },
    "HP": {
        "In": {
            "@cp": "Lloop2Cp",
            "@mfr": "MHP_A",
            "@rho": "Lloop2Rho",
            "@temp": "TPiPump109_HP"
        },
        "Out": {
            "@revtemp": "TPiTes_HP",
            "@temp": "THP"
        }
    }
}